MAP
    INCLUDE "includes/aws_credentials.inc.map"
    DEBUG 3
    EXTENT -180.0 -90.0 180.0 90.0
    PROJECTION
        "init=epsg:4326"
    END
    WEB
        METADATA 
            "ows_title" "worldcover"
            "ows_onlineresource" "http://{{ include "mapserver.fullname" . }}:{{ .Values.mapserver.service.port.port }}?MAP=/usr/src/mapfiles/mapfile.map"
            "ows_srs" "EPSG:32722 EPSG:32617 EPSG:32611 EPSG:32642 EPSG:32615 EPSG:32734 EPSG:32610 EPSG:32648 EPSG:32750 EPSG:32749 EPSG:32736 EPSG:32754 EPSG:32644 EPSG:32719 EPSG:32645 EPSG:32647 EPSG:32633 EPSG:32616 EPSG:32626 EPSG:32634 EPSG:32721 EPSG:32636 EPSG:32632 EPSG:32612 EPSG:32635 EPSG:32618 EPSG:32646 EPSG:32637 EPSG:32619 EPSG:32643 EPSG:32649 EPSG:32720 EPSG:32753 EPSG:32650 EPSG:32756 EPSG:32737 EPSG:32638 EPSG:32641 EPSG:32755 EPSG:32628 EPSG:32718 EPSG:32651 EPSG:32627 EPSG:32631 EPSG:32732 EPSG:32748 EPSG:32735 EPSG:32733 EPSG:4326"
            "ows_enable_request" "*"
            "wms_srs" "EPSG:32722 EPSG:32617 EPSG:32611 EPSG:32642 EPSG:32615 EPSG:32734 EPSG:32610 EPSG:32648 EPSG:32750 EPSG:32749 EPSG:32736 EPSG:32754 EPSG:32644 EPSG:32719 EPSG:32645 EPSG:32647 EPSG:32633 EPSG:32616 EPSG:32626 EPSG:32634 EPSG:32721 EPSG:32636 EPSG:32632 EPSG:32612 EPSG:32635 EPSG:32618 EPSG:32646 EPSG:32637 EPSG:32619 EPSG:32643 EPSG:32649 EPSG:32720 EPSG:32753 EPSG:32650 EPSG:32756 EPSG:32737 EPSG:32638 EPSG:32641 EPSG:32755 EPSG:32628 EPSG:32718 EPSG:32651 EPSG:32627 EPSG:32631 EPSG:32732 EPSG:32748 EPSG:32735 EPSG:32733 EPSG:4326"
            "wms_feature_info_mime_type" "text/html"
            "wfs_getfeature_formatlist" "ogrgml,geojson"
            "wms_title" "worldcover"
        END
    END
    #  Tile status
    LAYER
        NAME "worldcover_status"
        TYPE POLYGON
        INCLUDE "includes/postgres_connection.inc.map"
        CONNECTIONTYPE postgis
        DATA "geometry from (select (tile_id, block_id) as gid, status_id, epsg, geometry from s2_tile) as subquery using unique gid"
        TILESRS "epsg"
        PROJECTION
            "init=epsg:4326"
        END
        METADATA
            "ows_title"	"worldcover_status"
        END
        CLASSITEM status_id
        # scheduled
        CLASS
            EXPRESSION "1"
            STYLE
                COLOR "#0000FF66"
            END
        END
        # processing
        CLASS
            EXPRESSION "2"
            STYLE
                COLOR "#FFFF0066"
            END
        END
        # done
        CLASS
            EXPRESSION "3"
            STYLE
                COLOR "#00FF0066"
            END
        END
        # error
        CLASS
            EXPRESSION "4"
            STYLE
                COLOR "#FF000066"
            END
        END
    END

    #  Tile Index
    LAYER
        NAME "worldcover_index"
        TYPE POLYGON
        STATUS OFF
        INCLUDE "includes/postgres_connection.inc.map"
        CONNECTIONTYPE postgis
        DATA "geometry from (select gid, replace(s3_path, 's3://','/vsis3/') as location, epsg, geometry from s2_tile) as subquery using unique gid"
        TILESRS "epsg"
        PROJECTION
            "init=epsg:4326"
        END
        METADATA
            "ows_title"	"worldcover_index"
        END
    END

    # raster layer
    LAYER
        NAME "worldcover_layer"
        TYPE RASTER
        TILEINDEX "worldcover_index"
        TILESRS "epsg"
        PROJECTION
            "init=epsg:4326"
        END
        METADATA
            "ows_title"	"worldcover_layer"
        END
        CLASS
            EXPRESSION "1"
            STYLE
                COLOR 250 0 0
            END
        END
        CLASS
            EXPRESSION "2"
            STYLE
                COLOR 0 100 0
            END
        END
        CLASS
            EXPRESSION "3"
            STYLE
                COLOR 255 187 34
            END
        END
        CLASS
            EXPRESSION "4"
            STYLE
                COLOR 255 255 76
            END
        END
        CLASS
            EXPRESSION "5"
            STYLE
                COLOR 240 150 255
            END
        END
        CLASS
            EXPRESSION "6"
            STYLE
                COLOR 250 230 160
            END
        END
        CLASS
            EXPRESSION "7"
            STYLE
                COLOR 0 150 160
            END
        END
        CLASS
            EXPRESSION "8"
            STYLE
                COLOR 180 180 180
            END
        END
        CLASS
            EXPRESSION "9"
            STYLE
                COLOR 0 50 200
            END
        END
        CLASS
            EXPRESSION "10"
            STYLE
                COLOR 240 240 240
            END
        END
    END
END
